// Jest Snapshot v1, https://jestjs.io/docs/snapshot-testing

exports[`Hero matches snapshot 1`] = `
<section
  class="relative pt-40 pb-20 px-6 max-w-7xl mx-auto w-full flex flex-col items-center text-center"
>
  <div
    class="relative z-10 flex flex-col items-center"
  >
    <h1
      class="text-[12vw] lg:text-[180px] font-extralight tracking-[-0.05em] leading-[0.9] mb-12 select-none"
    >
      <span
        class="text-white block"
      >
        INVERSE
      </span>
      <span
        class="text-neon-green block italic"
      >
        ARENA
      </span>
    </h1>
    <div
      class="w-full max-w-xl py-6 mb-16 border-y border-white/5"
    >
      <p
        class="text-[10px] md:text-xs font-mono tracking-[0.4em] uppercase text-zinc-300 leading-relaxed font-medium"
      >
        THE SOCIAL ELIMINATION GAME WHERE THE MINORITY 
        <br
          class="hidden md:block"
        />
        WINS AND EVERYONE EARNS.
      </p>
    </div>
    <button
      class="group relative"
      type="button"
    >
      <div
        class="px-16 py-6 bg-neon-green text-black font-bold text-3xl uppercase transform transition-transform group-hover:scale-105 active:scale-95 shadow-lg"
      >
        PLAY NOW
      </div>
    </button>
  </div>
</section>
`;
